// Jest Snapshot v1, https://goo.gl/fbAQLP

exports[`Views/Territories should match the snapshot 1`] = `
<div class="container">
  <h1 class="headline">
    Territories
  </h1>
</div>
`;
