// Jest Snapshot v1, https://goo.gl/fbAQLP

exports[`App should match the snapshot 1`] = `
<div data-app="true" class="v-application v-application--is-ltr theme--light" id="app">
  <div class="v-application--wrap">
    <header class="v-sheet v-sheet--tile theme--light v-toolbar v-app-bar v-app-bar--fixed" style="height: 64px; margin-top: 0px; transform: translateY(0px); left: 0px; right: 0px;">
      <div class="v-toolbar__content" style="height: 64px;">
        <!---->
        <div class="v-toolbar__title headline"><span>Territory Assistant</span></div>
      </div>
    </header>
    <nav class="v-navigation-drawer v-navigation-drawer--close v-navigation-drawer--fixed theme--light" style="height: 100vh; top: 0px; max-height: calc(100% - 0px); transform: translateX(-100%); width: 256px;">
      <div class="v-navigation-drawer__content">
        <header class="v-sheet v-sheet--tile theme--light v-toolbar" style="height: 64px;">
          <div class="v-toolbar__content" style="height: 64px;"><button type="button" class="v-btn v-btn--flat v-btn--icon v-btn--round theme--light v-size--default"><span class="v-btn__content"><i aria-hidden="true" class="v-icon notranslate mdi mdi-close theme--light"></i></span></button>
            <div class="v-toolbar__title">Navigation</div>
          </div>
        </header>
        <div class="v-list v-sheet v-sheet--tile theme--light v-list--nav v-list--subheader">
          <div class="v-subheader theme--light">Overview</div> <a href="/" class="v-list-item--active v-list-item v-list-item--link theme--light" tabindex="0">
            <div class="v-list-item__icon"><i aria-hidden="true" class="v-icon notranslate mdi mdi-home theme--light"></i></div>
            <div class="v-list-item__title">Home</div>
          </a>
        </div>
        <div class="v-list v-sheet v-sheet--tile theme--light v-list--nav v-list--subheader">
          <div class="v-subheader theme--light">Editors</div> <a href="/territory" class="v-list-item v-list-item--link theme--light" tabindex="0">
            <div class="v-list-item__icon"><i aria-hidden="true" class="v-icon notranslate mdi mdi-map theme--light"></i></div>
            <div class="v-list-item__title">Territory</div>
          </a><a href="/image" class="v-list-item v-list-item--link theme--light" tabindex="0">
            <div class="v-list-item__icon"><i aria-hidden="true" class="v-icon notranslate mdi mdi-image theme--light"></i></div>
            <div class="v-list-item__title">Image</div>
          </a><a href="/maps" class="v-list-item v-list-item--link theme--light" tabindex="0">
            <div class="v-list-item__icon"><i aria-hidden="true" class="v-icon notranslate mdi mdi-map-search theme--light"></i></div>
            <div class="v-list-item__title">Maps</div>
          </a><a href="/info" class="v-list-item v-list-item--link theme--light" tabindex="0">
            <div class="v-list-item__icon"><i aria-hidden="true" class="v-icon notranslate mdi mdi-map-marker theme--light"></i></div>
            <div class="v-list-item__title">Info</div>
          </a>
        </div>
      </div>
      <div class="v-navigation-drawer__append">
        <div class="v-list v-sheet v-sheet--tile theme--light v-list--nav">
          <hr role="separator" aria-orientation="horizontal" class="v-divider theme--light"> <a href="/settings" class="v-list-item v-list-item--link theme--light" tabindex="0">
            <div class="v-list-item__icon"><i aria-hidden="true" class="v-icon notranslate mdi mdi-settings theme--light"></i></div>
            <div class="v-list-item__title">Settings</div>
          </a>
          <div tabindex="0" class="v-list-item v-list-item--link theme--light">
            <div class="v-list-item__icon"><i aria-hidden="true" class="v-icon notranslate mdi mdi-logout-variant theme--light"></i></div>
            <div class="v-list-item__title">Logout</div>
          </div>
        </div>
      </div>
      <div class="v-navigation-drawer__border"></div>
    </nav>
    <main class="v-content" style="padding: 64px 0px 0px 0px;">
      <div class="v-content__wrap"></div>
    </main>
    <div class="notifications-wrapper"><span></span></div>
  </div>
</div>
`;
