// Jest Snapshot v1, https://goo.gl/fbAQLP

exports[`Components/AppBar should match the snapshot 1`] = `
<header class="v-sheet v-sheet--tile theme--light v-toolbar v-app-bar v-app-bar--fixed" style="height: 64px; margin-top: 0px; transform: translateY(0px); left: 0px; right: 0px;">
  <div class="v-toolbar__content" style="height: 64px;">
    <!---->
    <div class="v-toolbar__title headline"><span>Territory Assistant</span></div>
  </div>
</header>
`;
