// Jest Snapshot v1, https://goo.gl/fbAQLP

exports[`Components/NavigationDrawer should match the snapshot 1`] = `
<nav class="v-navigation-drawer v-navigation-drawer--close v-navigation-drawer--fixed v-navigation-drawer--is-mobile theme--light" style="height: 100vh; top: 0px; transform: translateX(-100%); width: 256px;">
  <div class="v-navigation-drawer__content">
    <header class="v-sheet v-sheet--tile theme--light v-toolbar" style="height: 64px;">
      <div class="v-toolbar__content" style="height: 64px;"><button type="button" class="v-btn v-btn--flat v-btn--icon v-btn--round theme--light v-size--default"><span class="v-btn__content"><i aria-hidden="true" class="v-icon notranslate mdi mdi-close theme--light"></i></span></button>
        <div class="v-toolbar__title">Navigation</div>
      </div>
    </header>
    <div class="v-list v-sheet v-sheet--tile theme--light v-list--nav"><a href="/" class="v-list-item--active v-list-item v-list-item--link theme--light" tabindex="0">
        <div class="v-list-item__icon"><i aria-hidden="true" class="v-icon notranslate mdi mdi-home theme--light"></i></div>
        <div class="v-list-item__title">Home</div>
      </a><a href="/maps" class="v-list-item v-list-item--link theme--light" tabindex="0">
        <div class="v-list-item__icon"><i aria-hidden="true" class="v-icon notranslate mdi mdi-map-search theme--light"></i></div>
        <div class="v-list-item__title">Maps</div>
      </a><a href="/settings" class="v-list-item v-list-item--link theme--light" tabindex="0">
        <div class="v-list-item__icon"><i aria-hidden="true" class="v-icon notranslate mdi mdi-settings theme--light"></i></div>
        <div class="v-list-item__title">Settings</div>
      </a></div>
  </div>
  <div class="v-navigation-drawer__border"></div>
</nav>
`;
